[2.299s] DEBUG:colcon:Command line arguments: ['/usr/bin/colcon', 'build']
[2.300s] DEBUG:colcon:Parsed command line arguments: Namespace(log_base=None, log_level=None, verb_name='build', build_base='build', install_base='install', merge_install=False, symlink_install=False, test_result_base=None, continue_on_error=False, executor='parallel', parallel_workers=8, event_handlers=None, ignore_user_meta=False, metas=['./colcon.meta'], base_paths=['.'], packages_ignore=None, packages_ignore_regex=None, paths=None, packages_up_to=None, packages_up_to_regex=None, packages_above=None, packages_above_and_dependencies=None, packages_above_depth=None, packages_select_by_dep=None, packages_skip_by_dep=None, packages_skip_up_to=None, packages_select_build_failed=False, packages_skip_build_finished=False, packages_select_test_failures=False, packages_skip_test_passed=False, packages_select=None, packages_skip=None, packages_select_regex=None, packages_skip_regex=None, packages_start=None, packages_end=None, allow_overriding=[], cmake_args=None, cmake_target=None, cmake_target_skip_unavailable=False, cmake_clean_cache=False, cmake_clean_first=False, cmake_force_configure=False, ament_cmake_args=None, catkin_cmake_args=None, catkin_skip_building_tests=False, mixin_files=None, mixin=None, verb_parser=<colcon_mixin.mixin.mixin_argument.MixinArgumentDecorator object at 0x7989f5355030>, verb_extension=<colcon_core.verb.build.BuildVerb object at 0x7989f5354b20>, main=<bound method BuildVerb.main of <colcon_core.verb.build.BuildVerb object at 0x7989f5354b20>>, mixin_verb=('build',))
[5.834s] Level 1:colcon.colcon_core.package_discovery:discover_packages(colcon_meta) check parameters
[5.834s] Level 1:colcon.colcon_core.package_discovery:discover_packages(recursive) check parameters
[5.834s] Level 1:colcon.colcon_core.package_discovery:discover_packages(ignore) check parameters
[5.834s] Level 1:colcon.colcon_core.package_discovery:discover_packages(path) check parameters
[5.835s] Level 1:colcon.colcon_core.package_discovery:discover_packages(colcon_meta) discover
[5.835s] Level 1:colcon.colcon_core.package_discovery:discover_packages(recursive) discover
[5.835s] INFO:colcon.colcon_core.package_discovery:Crawling recursively for packages in '/home/roboticslab/UMI_RTX_Demos/ros2_ws'
[5.835s] Level 1:colcon.colcon_core.package_identification:_identify(.) by extensions ['ignore', 'ignore_ament_install']
[5.836s] Level 1:colcon.colcon_core.package_identification:_identify(.) by extension 'ignore'
[5.836s] Level 1:colcon.colcon_core.package_identification:_identify(.) by extension 'ignore_ament_install'
[5.836s] Level 1:colcon.colcon_core.package_identification:_identify(.) by extensions ['colcon_pkg']
[5.837s] Level 1:colcon.colcon_core.package_identification:_identify(.) by extension 'colcon_pkg'
[5.837s] Level 1:colcon.colcon_core.package_identification:_identify(.) by extensions ['colcon_meta']
[5.837s] Level 1:colcon.colcon_core.package_identification:_identify(.) by extension 'colcon_meta'
[5.837s] Level 1:colcon.colcon_core.package_identification:_identify(.) by extensions ['ros']
[5.837s] Level 1:colcon.colcon_core.package_identification:_identify(.) by extension 'ros'
[5.904s] Level 1:colcon.colcon_core.package_identification:_identify(.) by extensions ['cmake', 'python']
[5.904s] Level 1:colcon.colcon_core.package_identification:_identify(.) by extension 'cmake'
[5.904s] Level 1:colcon.colcon_core.package_identification:_identify(.) by extension 'python'
[5.904s] Level 1:colcon.colcon_core.package_identification:_identify(.) by extensions ['python_setup_py']
[5.904s] Level 1:colcon.colcon_core.package_identification:_identify(.) by extension 'python_setup_py'
[5.905s] Level 1:colcon.colcon_core.package_identification:_identify(build) by extensions ['ignore', 'ignore_ament_install']
[5.905s] Level 1:colcon.colcon_core.package_identification:_identify(build) by extension 'ignore'
[5.905s] Level 1:colcon.colcon_core.package_identification:_identify(build) ignored
[5.906s] Level 1:colcon.colcon_core.package_identification:_identify(install) by extensions ['ignore', 'ignore_ament_install']
[5.906s] Level 1:colcon.colcon_core.package_identification:_identify(install) by extension 'ignore'
[5.906s] Level 1:colcon.colcon_core.package_identification:_identify(install) ignored
[5.906s] Level 1:colcon.colcon_core.package_identification:_identify(log) by extensions ['ignore', 'ignore_ament_install']
[5.907s] Level 1:colcon.colcon_core.package_identification:_identify(log) by extension 'ignore'
[5.907s] Level 1:colcon.colcon_core.package_identification:_identify(log) ignored
[5.907s] Level 1:colcon.colcon_core.package_identification:_identify(src) by extensions ['ignore', 'ignore_ament_install']
[5.907s] Level 1:colcon.colcon_core.package_identification:_identify(src) by extension 'ignore'
[5.907s] Level 1:colcon.colcon_core.package_identification:_identify(src) by extension 'ignore_ament_install'
[5.908s] Level 1:colcon.colcon_core.package_identification:_identify(src) by extensions ['colcon_pkg']
[5.908s] Level 1:colcon.colcon_core.package_identification:_identify(src) by extension 'colcon_pkg'
[5.908s] Level 1:colcon.colcon_core.package_identification:_identify(src) by extensions ['colcon_meta']
[5.908s] Level 1:colcon.colcon_core.package_identification:_identify(src) by extension 'colcon_meta'
[5.908s] Level 1:colcon.colcon_core.package_identification:_identify(src) by extensions ['ros']
[5.908s] Level 1:colcon.colcon_core.package_identification:_identify(src) by extension 'ros'
[5.909s] Level 1:colcon.colcon_core.package_identification:_identify(src) by extensions ['cmake', 'python']
[5.909s] Level 1:colcon.colcon_core.package_identification:_identify(src) by extension 'cmake'
[5.909s] Level 1:colcon.colcon_core.package_identification:_identify(src) by extension 'python'
[5.909s] Level 1:colcon.colcon_core.package_identification:_identify(src) by extensions ['python_setup_py']
[5.909s] Level 1:colcon.colcon_core.package_identification:_identify(src) by extension 'python_setup_py'
[5.909s] Level 1:colcon.colcon_core.package_identification:_identify(src/umi_rtx_controller) by extensions ['ignore', 'ignore_ament_install']
[5.910s] Level 1:colcon.colcon_core.package_identification:_identify(src/umi_rtx_controller) by extension 'ignore'
[5.910s] Level 1:colcon.colcon_core.package_identification:_identify(src/umi_rtx_controller) by extension 'ignore_ament_install'
[5.910s] Level 1:colcon.colcon_core.package_identification:_identify(src/umi_rtx_controller) by extensions ['colcon_pkg']
[5.910s] Level 1:colcon.colcon_core.package_identification:_identify(src/umi_rtx_controller) by extension 'colcon_pkg'
[5.910s] Level 1:colcon.colcon_core.package_identification:_identify(src/umi_rtx_controller) by extensions ['colcon_meta']
[5.910s] Level 1:colcon.colcon_core.package_identification:_identify(src/umi_rtx_controller) by extension 'colcon_meta'
[5.910s] Level 1:colcon.colcon_core.package_identification:_identify(src/umi_rtx_controller) by extensions ['ros']
[5.911s] Level 1:colcon.colcon_core.package_identification:_identify(src/umi_rtx_controller) by extension 'ros'
[5.931s] DEBUG:colcon.colcon_core.package_identification:Package 'src/umi_rtx_controller' with type 'ros.ament_cmake' and name 'umi_rtx_controller'
[5.931s] Level 1:colcon.colcon_core.package_identification:_identify(src/umi_rtx_interfaces) by extensions ['ignore', 'ignore_ament_install']
[5.931s] Level 1:colcon.colcon_core.package_identification:_identify(src/umi_rtx_interfaces) by extension 'ignore'
[5.932s] Level 1:colcon.colcon_core.package_identification:_identify(src/umi_rtx_interfaces) by extension 'ignore_ament_install'
[5.932s] Level 1:colcon.colcon_core.package_identification:_identify(src/umi_rtx_interfaces) by extensions ['colcon_pkg']
[5.932s] Level 1:colcon.colcon_core.package_identification:_identify(src/umi_rtx_interfaces) by extension 'colcon_pkg'
[5.932s] Level 1:colcon.colcon_core.package_identification:_identify(src/umi_rtx_interfaces) by extensions ['colcon_meta']
[5.932s] Level 1:colcon.colcon_core.package_identification:_identify(src/umi_rtx_interfaces) by extension 'colcon_meta'
[5.933s] Level 1:colcon.colcon_core.package_identification:_identify(src/umi_rtx_interfaces) by extensions ['ros']
[5.933s] Level 1:colcon.colcon_core.package_identification:_identify(src/umi_rtx_interfaces) by extension 'ros'
[5.935s] DEBUG:colcon.colcon_core.package_identification:Package 'src/umi_rtx_interfaces' with type 'ros.ament_cmake' and name 'umi_rtx_interfaces'
[5.935s] Level 1:colcon.colcon_core.package_discovery:discover_packages(recursive) using defaults
[5.935s] Level 1:colcon.colcon_core.package_discovery:discover_packages(ignore) discover
[5.935s] Level 1:colcon.colcon_core.package_discovery:discover_packages(ignore) using defaults
[5.936s] Level 1:colcon.colcon_core.package_discovery:discover_packages(path) discover
[5.936s] Level 1:colcon.colcon_core.package_discovery:discover_packages(path) using defaults
[6.193s] Level 1:colcon.colcon_core.package_discovery:discover_packages(prefix_path) check parameters
[6.193s] Level 1:colcon.colcon_core.package_discovery:discover_packages(prefix_path) discover
[6.197s] DEBUG:colcon.colcon_installed_package_information.package_discovery:Found 285 installed packages in /opt/ros/iron
[6.198s] Level 1:colcon.colcon_core.package_discovery:discover_packages(prefix_path) using defaults
[6.267s] Level 5:colcon.colcon_core.verb:set package 'umi_rtx_interfaces' build argument 'cmake_args' from command line to 'None'
[6.267s] Level 5:colcon.colcon_core.verb:set package 'umi_rtx_interfaces' build argument 'cmake_target' from command line to 'None'
[6.267s] Level 5:colcon.colcon_core.verb:set package 'umi_rtx_interfaces' build argument 'cmake_target_skip_unavailable' from command line to 'False'
[6.268s] Level 5:colcon.colcon_core.verb:set package 'umi_rtx_interfaces' build argument 'cmake_clean_cache' from command line to 'False'
[6.268s] Level 5:colcon.colcon_core.verb:set package 'umi_rtx_interfaces' build argument 'cmake_clean_first' from command line to 'False'
[6.268s] Level 5:colcon.colcon_core.verb:set package 'umi_rtx_interfaces' build argument 'cmake_force_configure' from command line to 'False'
[6.268s] Level 5:colcon.colcon_core.verb:set package 'umi_rtx_interfaces' build argument 'ament_cmake_args' from command line to 'None'
[6.268s] Level 5:colcon.colcon_core.verb:set package 'umi_rtx_interfaces' build argument 'catkin_cmake_args' from command line to 'None'
[6.268s] Level 5:colcon.colcon_core.verb:set package 'umi_rtx_interfaces' build argument 'catkin_skip_building_tests' from command line to 'False'
[6.268s] DEBUG:colcon.colcon_core.verb:Building package 'umi_rtx_interfaces' with the following arguments: {'ament_cmake_args': None, 'build_base': '/home/roboticslab/UMI_RTX_Demos/ros2_ws/build/umi_rtx_interfaces', 'catkin_cmake_args': None, 'catkin_skip_building_tests': False, 'cmake_args': None, 'cmake_clean_cache': False, 'cmake_clean_first': False, 'cmake_force_configure': False, 'cmake_target': None, 'cmake_target_skip_unavailable': False, 'install_base': '/home/roboticslab/UMI_RTX_Demos/ros2_ws/install/umi_rtx_interfaces', 'merge_install': False, 'path': '/home/roboticslab/UMI_RTX_Demos/ros2_ws/src/umi_rtx_interfaces', 'symlink_install': False, 'test_result_base': None}
[6.268s] Level 5:colcon.colcon_core.verb:set package 'umi_rtx_controller' build argument 'cmake_args' from command line to 'None'
[6.268s] Level 5:colcon.colcon_core.verb:set package 'umi_rtx_controller' build argument 'cmake_target' from command line to 'None'
[6.268s] Level 5:colcon.colcon_core.verb:set package 'umi_rtx_controller' build argument 'cmake_target_skip_unavailable' from command line to 'False'
[6.268s] Level 5:colcon.colcon_core.verb:set package 'umi_rtx_controller' build argument 'cmake_clean_cache' from command line to 'False'
[6.268s] Level 5:colcon.colcon_core.verb:set package 'umi_rtx_controller' build argument 'cmake_clean_first' from command line to 'False'
[6.268s] Level 5:colcon.colcon_core.verb:set package 'umi_rtx_controller' build argument 'cmake_force_configure' from command line to 'False'
[6.268s] Level 5:colcon.colcon_core.verb:set package 'umi_rtx_controller' build argument 'ament_cmake_args' from command line to 'None'
[6.268s] Level 5:colcon.colcon_core.verb:set package 'umi_rtx_controller' build argument 'catkin_cmake_args' from command line to 'None'
[6.268s] Level 5:colcon.colcon_core.verb:set package 'umi_rtx_controller' build argument 'catkin_skip_building_tests' from command line to 'False'
[6.268s] DEBUG:colcon.colcon_core.verb:Building package 'umi_rtx_controller' with the following arguments: {'ament_cmake_args': None, 'build_base': '/home/roboticslab/UMI_RTX_Demos/ros2_ws/build/umi_rtx_controller', 'catkin_cmake_args': None, 'catkin_skip_building_tests': False, 'cmake_args': None, 'cmake_clean_cache': False, 'cmake_clean_first': False, 'cmake_force_configure': False, 'cmake_target': None, 'cmake_target_skip_unavailable': False, 'install_base': '/home/roboticslab/UMI_RTX_Demos/ros2_ws/install/umi_rtx_controller', 'merge_install': False, 'path': '/home/roboticslab/UMI_RTX_Demos/ros2_ws/src/umi_rtx_controller', 'symlink_install': False, 'test_result_base': None}
[6.269s] INFO:colcon.colcon_core.executor:Executing jobs using 'parallel' executor
[6.270s] DEBUG:colcon.colcon_parallel_executor.executor.parallel:run_until_complete
[6.270s] INFO:colcon.colcon_ros.task.ament_cmake.build:Building ROS package in '/home/roboticslab/UMI_RTX_Demos/ros2_ws/src/umi_rtx_interfaces' with build type 'ament_cmake'
[6.270s] INFO:colcon.colcon_cmake.task.cmake.build:Building CMake package in '/home/roboticslab/UMI_RTX_Demos/ros2_ws/src/umi_rtx_interfaces'
[6.291s] INFO:colcon.colcon_core.plugin_system:Skipping extension 'colcon_core.shell.bat': Not used on non-Windows systems
[6.291s] INFO:colcon.colcon_core.shell:Skip shell extension 'powershell' for command environment: Not usable outside of PowerShell
[6.291s] DEBUG:colcon.colcon_core.shell:Skip shell extension 'dsv' for command environment
[6.307s] DEBUG:colcon.colcon_core.event_handler.log_command:Invoking command in '/home/roboticslab/UMI_RTX_Demos/ros2_ws/build/umi_rtx_interfaces': CMAKE_PREFIX_PATH=/opt/ros/iron /usr/bin/cmake /home/roboticslab/UMI_RTX_Demos/ros2_ws/src/umi_rtx_interfaces -DCMAKE_INSTALL_PREFIX=/home/roboticslab/UMI_RTX_Demos/ros2_ws/install/umi_rtx_interfaces
[10.639s] DEBUG:colcon.colcon_core.event_handler.log_command:Invoked command in '/home/roboticslab/UMI_RTX_Demos/ros2_ws/build/umi_rtx_interfaces' returned '0': CMAKE_PREFIX_PATH=/opt/ros/iron /usr/bin/cmake /home/roboticslab/UMI_RTX_Demos/ros2_ws/src/umi_rtx_interfaces -DCMAKE_INSTALL_PREFIX=/home/roboticslab/UMI_RTX_Demos/ros2_ws/install/umi_rtx_interfaces
[10.642s] DEBUG:colcon.colcon_core.event_handler.log_command:Invoking command in '/home/roboticslab/UMI_RTX_Demos/ros2_ws/build/umi_rtx_interfaces': CMAKE_PREFIX_PATH=/opt/ros/iron /usr/bin/cmake --build /home/roboticslab/UMI_RTX_Demos/ros2_ws/build/umi_rtx_interfaces -- -j8 -l8
[15.096s] DEBUG:colcon.colcon_core.event_handler.log_command:Invoked command in '/home/roboticslab/UMI_RTX_Demos/ros2_ws/build/umi_rtx_interfaces' returned '0': CMAKE_PREFIX_PATH=/opt/ros/iron /usr/bin/cmake --build /home/roboticslab/UMI_RTX_Demos/ros2_ws/build/umi_rtx_interfaces -- -j8 -l8
[15.105s] DEBUG:colcon.colcon_core.event_handler.log_command:Invoking command in '/home/roboticslab/UMI_RTX_Demos/ros2_ws/build/umi_rtx_interfaces': CMAKE_PREFIX_PATH=/opt/ros/iron /usr/bin/cmake --install /home/roboticslab/UMI_RTX_Demos/ros2_ws/build/umi_rtx_interfaces
[15.185s] Level 1:colcon.colcon_core.environment:create_environment_scripts_only(umi_rtx_interfaces)
[15.185s] DEBUG:colcon.colcon_core.event_handler.log_command:Invoked command in '/home/roboticslab/UMI_RTX_Demos/ros2_ws/build/umi_rtx_interfaces' returned '0': CMAKE_PREFIX_PATH=/opt/ros/iron /usr/bin/cmake --install /home/roboticslab/UMI_RTX_Demos/ros2_ws/build/umi_rtx_interfaces
[15.271s] Level 1:colcon.colcon_core.environment:checking '/home/roboticslab/UMI_RTX_Demos/ros2_ws/install/umi_rtx_interfaces' for CMake module files
[15.271s] Level 1:colcon.colcon_core.environment:checking '/home/roboticslab/UMI_RTX_Demos/ros2_ws/install/umi_rtx_interfaces' for CMake config files
[15.272s] Level 1:colcon.colcon_core.shell:create_environment_hook('umi_rtx_interfaces', 'cmake_prefix_path')
[15.272s] INFO:colcon.colcon_core.shell:Creating environment hook '/home/roboticslab/UMI_RTX_Demos/ros2_ws/install/umi_rtx_interfaces/share/umi_rtx_interfaces/hook/cmake_prefix_path.ps1'
[15.284s] INFO:colcon.colcon_core.shell:Creating environment descriptor '/home/roboticslab/UMI_RTX_Demos/ros2_ws/install/umi_rtx_interfaces/share/umi_rtx_interfaces/hook/cmake_prefix_path.dsv'
[15.303s] INFO:colcon.colcon_core.shell:Creating environment hook '/home/roboticslab/UMI_RTX_Demos/ros2_ws/install/umi_rtx_interfaces/share/umi_rtx_interfaces/hook/cmake_prefix_path.sh'
[15.308s] Level 1:colcon.colcon_core.environment:checking '/home/roboticslab/UMI_RTX_Demos/ros2_ws/install/umi_rtx_interfaces/lib'
[15.309s] Level 1:colcon.colcon_core.shell:create_environment_hook('umi_rtx_interfaces', 'ld_library_path_lib')
[15.310s] INFO:colcon.colcon_core.shell:Creating environment hook '/home/roboticslab/UMI_RTX_Demos/ros2_ws/install/umi_rtx_interfaces/share/umi_rtx_interfaces/hook/ld_library_path_lib.ps1'
[15.311s] INFO:colcon.colcon_core.shell:Creating environment descriptor '/home/roboticslab/UMI_RTX_Demos/ros2_ws/install/umi_rtx_interfaces/share/umi_rtx_interfaces/hook/ld_library_path_lib.dsv'
[15.312s] INFO:colcon.colcon_core.shell:Creating environment hook '/home/roboticslab/UMI_RTX_Demos/ros2_ws/install/umi_rtx_interfaces/share/umi_rtx_interfaces/hook/ld_library_path_lib.sh'
[15.314s] Level 1:colcon.colcon_core.environment:checking '/home/roboticslab/UMI_RTX_Demos/ros2_ws/install/umi_rtx_interfaces/bin'
[15.314s] Level 1:colcon.colcon_core.environment:checking '/home/roboticslab/UMI_RTX_Demos/ros2_ws/install/umi_rtx_interfaces/lib/pkgconfig/umi_rtx_interfaces.pc'
[15.315s] Level 1:colcon.colcon_core.environment:checking '/home/roboticslab/UMI_RTX_Demos/ros2_ws/install/umi_rtx_interfaces/lib/python3.10/site-packages'
[15.316s] Level 1:colcon.colcon_core.shell:create_environment_hook('umi_rtx_interfaces', 'pythonpath')
[15.316s] INFO:colcon.colcon_core.shell:Creating environment hook '/home/roboticslab/UMI_RTX_Demos/ros2_ws/install/umi_rtx_interfaces/share/umi_rtx_interfaces/hook/pythonpath.ps1'
[15.318s] INFO:colcon.colcon_core.shell:Creating environment descriptor '/home/roboticslab/UMI_RTX_Demos/ros2_ws/install/umi_rtx_interfaces/share/umi_rtx_interfaces/hook/pythonpath.dsv'
[15.319s] INFO:colcon.colcon_core.shell:Creating environment hook '/home/roboticslab/UMI_RTX_Demos/ros2_ws/install/umi_rtx_interfaces/share/umi_rtx_interfaces/hook/pythonpath.sh'
[15.321s] Level 1:colcon.colcon_core.environment:checking '/home/roboticslab/UMI_RTX_Demos/ros2_ws/install/umi_rtx_interfaces/bin'
[15.323s] INFO:colcon.colcon_core.shell:Creating package script '/home/roboticslab/UMI_RTX_Demos/ros2_ws/install/umi_rtx_interfaces/share/umi_rtx_interfaces/package.ps1'
[15.327s] INFO:colcon.colcon_core.shell:Creating package descriptor '/home/roboticslab/UMI_RTX_Demos/ros2_ws/install/umi_rtx_interfaces/share/umi_rtx_interfaces/package.dsv'
[15.330s] INFO:colcon.colcon_core.shell:Creating package script '/home/roboticslab/UMI_RTX_Demos/ros2_ws/install/umi_rtx_interfaces/share/umi_rtx_interfaces/package.sh'
[15.333s] INFO:colcon.colcon_core.shell:Creating package script '/home/roboticslab/UMI_RTX_Demos/ros2_ws/install/umi_rtx_interfaces/share/umi_rtx_interfaces/package.bash'
[15.337s] INFO:colcon.colcon_core.shell:Creating package script '/home/roboticslab/UMI_RTX_Demos/ros2_ws/install/umi_rtx_interfaces/share/umi_rtx_interfaces/package.zsh'
[15.399s] Level 1:colcon.colcon_core.environment:create_file_with_runtime_dependencies(/home/roboticslab/UMI_RTX_Demos/ros2_ws/install/umi_rtx_interfaces/share/colcon-core/packages/umi_rtx_interfaces)
[15.402s] Level 1:colcon.colcon_core.environment:create_environment_scripts_only(umi_rtx_interfaces)
[15.403s] Level 1:colcon.colcon_core.environment:checking '/home/roboticslab/UMI_RTX_Demos/ros2_ws/install/umi_rtx_interfaces' for CMake module files
[15.406s] Level 1:colcon.colcon_core.environment:checking '/home/roboticslab/UMI_RTX_Demos/ros2_ws/install/umi_rtx_interfaces' for CMake config files
[15.407s] Level 1:colcon.colcon_core.shell:create_environment_hook('umi_rtx_interfaces', 'cmake_prefix_path')
[15.408s] INFO:colcon.colcon_core.shell:Creating environment hook '/home/roboticslab/UMI_RTX_Demos/ros2_ws/install/umi_rtx_interfaces/share/umi_rtx_interfaces/hook/cmake_prefix_path.ps1'
[15.410s] INFO:colcon.colcon_core.shell:Creating environment descriptor '/home/roboticslab/UMI_RTX_Demos/ros2_ws/install/umi_rtx_interfaces/share/umi_rtx_interfaces/hook/cmake_prefix_path.dsv'
[15.411s] INFO:colcon.colcon_core.shell:Creating environment hook '/home/roboticslab/UMI_RTX_Demos/ros2_ws/install/umi_rtx_interfaces/share/umi_rtx_interfaces/hook/cmake_prefix_path.sh'
[15.414s] Level 1:colcon.colcon_core.environment:checking '/home/roboticslab/UMI_RTX_Demos/ros2_ws/install/umi_rtx_interfaces/lib'
[15.414s] Level 1:colcon.colcon_core.shell:create_environment_hook('umi_rtx_interfaces', 'ld_library_path_lib')
[15.415s] INFO:colcon.colcon_core.shell:Creating environment hook '/home/roboticslab/UMI_RTX_Demos/ros2_ws/install/umi_rtx_interfaces/share/umi_rtx_interfaces/hook/ld_library_path_lib.ps1'
[15.417s] INFO:colcon.colcon_core.shell:Creating environment descriptor '/home/roboticslab/UMI_RTX_Demos/ros2_ws/install/umi_rtx_interfaces/share/umi_rtx_interfaces/hook/ld_library_path_lib.dsv'
[15.418s] INFO:colcon.colcon_core.shell:Creating environment hook '/home/roboticslab/UMI_RTX_Demos/ros2_ws/install/umi_rtx_interfaces/share/umi_rtx_interfaces/hook/ld_library_path_lib.sh'
[15.420s] Level 1:colcon.colcon_core.environment:checking '/home/roboticslab/UMI_RTX_Demos/ros2_ws/install/umi_rtx_interfaces/bin'
[15.420s] Level 1:colcon.colcon_core.environment:checking '/home/roboticslab/UMI_RTX_Demos/ros2_ws/install/umi_rtx_interfaces/lib/pkgconfig/umi_rtx_interfaces.pc'
[15.421s] Level 1:colcon.colcon_core.environment:checking '/home/roboticslab/UMI_RTX_Demos/ros2_ws/install/umi_rtx_interfaces/lib/python3.10/site-packages'
[15.422s] Level 1:colcon.colcon_core.shell:create_environment_hook('umi_rtx_interfaces', 'pythonpath')
[15.422s] INFO:colcon.colcon_core.shell:Creating environment hook '/home/roboticslab/UMI_RTX_Demos/ros2_ws/install/umi_rtx_interfaces/share/umi_rtx_interfaces/hook/pythonpath.ps1'
[15.424s] INFO:colcon.colcon_core.shell:Creating environment descriptor '/home/roboticslab/UMI_RTX_Demos/ros2_ws/install/umi_rtx_interfaces/share/umi_rtx_interfaces/hook/pythonpath.dsv'
[15.426s] INFO:colcon.colcon_core.shell:Creating environment hook '/home/roboticslab/UMI_RTX_Demos/ros2_ws/install/umi_rtx_interfaces/share/umi_rtx_interfaces/hook/pythonpath.sh'
[15.428s] Level 1:colcon.colcon_core.environment:checking '/home/roboticslab/UMI_RTX_Demos/ros2_ws/install/umi_rtx_interfaces/bin'
[15.430s] INFO:colcon.colcon_core.shell:Creating package script '/home/roboticslab/UMI_RTX_Demos/ros2_ws/install/umi_rtx_interfaces/share/umi_rtx_interfaces/package.ps1'
[15.433s] INFO:colcon.colcon_core.shell:Creating package descriptor '/home/roboticslab/UMI_RTX_Demos/ros2_ws/install/umi_rtx_interfaces/share/umi_rtx_interfaces/package.dsv'
[15.436s] INFO:colcon.colcon_core.shell:Creating package script '/home/roboticslab/UMI_RTX_Demos/ros2_ws/install/umi_rtx_interfaces/share/umi_rtx_interfaces/package.sh'
[15.437s] INFO:colcon.colcon_core.shell:Creating package script '/home/roboticslab/UMI_RTX_Demos/ros2_ws/install/umi_rtx_interfaces/share/umi_rtx_interfaces/package.bash'
[15.439s] INFO:colcon.colcon_core.shell:Creating package script '/home/roboticslab/UMI_RTX_Demos/ros2_ws/install/umi_rtx_interfaces/share/umi_rtx_interfaces/package.zsh'
[15.441s] Level 1:colcon.colcon_core.environment:create_file_with_runtime_dependencies(/home/roboticslab/UMI_RTX_Demos/ros2_ws/install/umi_rtx_interfaces/share/colcon-core/packages/umi_rtx_interfaces)
[15.442s] INFO:colcon.colcon_ros.task.ament_cmake.build:Building ROS package in '/home/roboticslab/UMI_RTX_Demos/ros2_ws/src/umi_rtx_controller' with build type 'ament_cmake'
[15.442s] INFO:colcon.colcon_cmake.task.cmake.build:Building CMake package in '/home/roboticslab/UMI_RTX_Demos/ros2_ws/src/umi_rtx_controller'
[15.443s] INFO:colcon.colcon_core.shell:Skip shell extension 'powershell' for command environment: Not usable outside of PowerShell
[15.443s] DEBUG:colcon.colcon_core.shell:Skip shell extension 'dsv' for command environment
[15.458s] DEBUG:colcon.colcon_core.event_handler.log_command:Invoking command in '/home/roboticslab/UMI_RTX_Demos/ros2_ws/build/umi_rtx_controller': AMENT_PREFIX_PATH=/home/roboticslab/UMI_RTX_Demos/ros2_ws/install/umi_rtx_interfaces:${AMENT_PREFIX_PATH} CMAKE_PREFIX_PATH=/home/roboticslab/UMI_RTX_Demos/ros2_ws/install/umi_rtx_interfaces:/opt/ros/iron LD_LIBRARY_PATH=/home/roboticslab/UMI_RTX_Demos/ros2_ws/install/umi_rtx_interfaces/lib:${LD_LIBRARY_PATH} PYTHONPATH=/home/roboticslab/UMI_RTX_Demos/ros2_ws/install/umi_rtx_interfaces/lib/python3.10/site-packages:${PYTHONPATH} /usr/bin/cmake /home/roboticslab/UMI_RTX_Demos/ros2_ws/src/umi_rtx_controller -DCMAKE_INSTALL_PREFIX=/home/roboticslab/UMI_RTX_Demos/ros2_ws/install/umi_rtx_controller
[23.546s] DEBUG:colcon.colcon_core.event_handler.log_command:Invoked command in '/home/roboticslab/UMI_RTX_Demos/ros2_ws/build/umi_rtx_controller' returned '1': AMENT_PREFIX_PATH=/home/roboticslab/UMI_RTX_Demos/ros2_ws/install/umi_rtx_interfaces:${AMENT_PREFIX_PATH} CMAKE_PREFIX_PATH=/home/roboticslab/UMI_RTX_Demos/ros2_ws/install/umi_rtx_interfaces:/opt/ros/iron LD_LIBRARY_PATH=/home/roboticslab/UMI_RTX_Demos/ros2_ws/install/umi_rtx_interfaces/lib:${LD_LIBRARY_PATH} PYTHONPATH=/home/roboticslab/UMI_RTX_Demos/ros2_ws/install/umi_rtx_interfaces/lib/python3.10/site-packages:${PYTHONPATH} /usr/bin/cmake /home/roboticslab/UMI_RTX_Demos/ros2_ws/src/umi_rtx_controller -DCMAKE_INSTALL_PREFIX=/home/roboticslab/UMI_RTX_Demos/ros2_ws/install/umi_rtx_controller
[23.558s] Level 1:colcon.colcon_core.environment:create_environment_scripts_only(umi_rtx_controller)
[23.558s] Level 1:colcon.colcon_core.environment:checking '/home/roboticslab/UMI_RTX_Demos/ros2_ws/install/umi_rtx_controller' for CMake module files
[23.558s] Level 1:colcon.colcon_core.environment:checking '/home/roboticslab/UMI_RTX_Demos/ros2_ws/install/umi_rtx_controller' for CMake config files
[23.558s] Level 1:colcon.colcon_core.environment:checking '/home/roboticslab/UMI_RTX_Demos/ros2_ws/install/umi_rtx_controller/bin'
[23.558s] Level 1:colcon.colcon_core.environment:checking '/home/roboticslab/UMI_RTX_Demos/ros2_ws/install/umi_rtx_controller/lib/pkgconfig/umi_rtx_controller.pc'
[23.559s] Level 1:colcon.colcon_core.environment:checking '/home/roboticslab/UMI_RTX_Demos/ros2_ws/install/umi_rtx_controller/lib/python3.10/site-packages'
[23.559s] Level 1:colcon.colcon_core.environment:checking '/home/roboticslab/UMI_RTX_Demos/ros2_ws/install/umi_rtx_controller/bin'
[23.559s] INFO:colcon.colcon_core.shell:Creating package script '/home/roboticslab/UMI_RTX_Demos/ros2_ws/install/umi_rtx_controller/share/umi_rtx_controller/package.ps1'
[23.559s] INFO:colcon.colcon_core.shell:Creating package descriptor '/home/roboticslab/UMI_RTX_Demos/ros2_ws/install/umi_rtx_controller/share/umi_rtx_controller/package.dsv'
[23.560s] INFO:colcon.colcon_core.shell:Creating package script '/home/roboticslab/UMI_RTX_Demos/ros2_ws/install/umi_rtx_controller/share/umi_rtx_controller/package.sh'
[23.560s] INFO:colcon.colcon_core.shell:Creating package script '/home/roboticslab/UMI_RTX_Demos/ros2_ws/install/umi_rtx_controller/share/umi_rtx_controller/package.bash'
[23.560s] INFO:colcon.colcon_core.shell:Creating package script '/home/roboticslab/UMI_RTX_Demos/ros2_ws/install/umi_rtx_controller/share/umi_rtx_controller/package.zsh'
[23.561s] Level 1:colcon.colcon_core.environment:create_file_with_runtime_dependencies(/home/roboticslab/UMI_RTX_Demos/ros2_ws/install/umi_rtx_controller/share/colcon-core/packages/umi_rtx_controller)
[23.571s] DEBUG:colcon.colcon_parallel_executor.executor.parallel:closing loop
[23.571s] DEBUG:colcon.colcon_parallel_executor.executor.parallel:loop closed
[23.571s] DEBUG:colcon.colcon_parallel_executor.executor.parallel:run_until_complete finished with '1'
[23.571s] DEBUG:colcon.colcon_core.event_reactor:joining thread
[23.616s] INFO:colcon.colcon_core.plugin_system:Skipping extension 'colcon_notification.desktop_notification.terminal_notifier': Not used on non-Darwin systems
[23.617s] INFO:colcon.colcon_core.plugin_system:Skipping extension 'colcon_notification.desktop_notification.win32': Not used on non-Windows systems
[23.617s] INFO:colcon.colcon_notification.desktop_notification:Sending desktop notification using 'notify2'
[23.670s] DEBUG:colcon.colcon_core.event_reactor:joined thread
[23.671s] INFO:colcon.colcon_core.shell:Creating prefix script '/home/roboticslab/UMI_RTX_Demos/ros2_ws/install/local_setup.ps1'
[23.683s] INFO:colcon.colcon_core.shell:Creating prefix util module '/home/roboticslab/UMI_RTX_Demos/ros2_ws/install/_local_setup_util_ps1.py'
[23.696s] INFO:colcon.colcon_core.shell:Creating prefix chain script '/home/roboticslab/UMI_RTX_Demos/ros2_ws/install/setup.ps1'
[23.707s] INFO:colcon.colcon_core.shell:Creating prefix script '/home/roboticslab/UMI_RTX_Demos/ros2_ws/install/local_setup.sh'
[23.709s] INFO:colcon.colcon_core.shell:Creating prefix util module '/home/roboticslab/UMI_RTX_Demos/ros2_ws/install/_local_setup_util_sh.py'
[23.710s] INFO:colcon.colcon_core.shell:Creating prefix chain script '/home/roboticslab/UMI_RTX_Demos/ros2_ws/install/setup.sh'
[23.713s] INFO:colcon.colcon_core.shell:Creating prefix script '/home/roboticslab/UMI_RTX_Demos/ros2_ws/install/local_setup.bash'
[23.723s] INFO:colcon.colcon_core.shell:Creating prefix chain script '/home/roboticslab/UMI_RTX_Demos/ros2_ws/install/setup.bash'
[23.726s] INFO:colcon.colcon_core.shell:Creating prefix script '/home/roboticslab/UMI_RTX_Demos/ros2_ws/install/local_setup.zsh'
[23.731s] INFO:colcon.colcon_core.shell:Creating prefix chain script '/home/roboticslab/UMI_RTX_Demos/ros2_ws/install/setup.zsh'
