[33mCMake Warning at /usr/share/cmake-3.22/Modules/FindBoost.cmake:2201 (message):
  No header defined for python310; skipping header check (note: header-only
  libraries have no designated component)
Call Stack (most recent call first):
  /opt/ros/iron/lib/x86_64-linux-gnu/cmake/eigenpy/boost.cmake:144 (find_package)
  /opt/ros/iron/lib/x86_64-linux-gnu/cmake/eigenpy/eigenpyConfig.cmake:149 (SEARCH_FOR_BOOST_PYTHON)
  /usr/share/cmake-3.22/Modules/CMakeFindDependencyMacro.cmake:47 (find_package)
  /opt/ros/iron/lib/x86_64-linux-gnu/cmake/pinocchio/pinocchioConfig.cmake:160 (find_dependency)
  CMakeLists.txt:34 (find_package)

[0m
[31mCMake Error at CMakeLists.txt:41 (find_package):
  By not providing "Findrealsense2.cmake" in CMAKE_MODULE_PATH this project
  has asked CMake to find a package configuration file provided by
  "realsense2", but CMake did not find one.

  Could not find a package configuration file provided by "realsense2" with
  any of the following names:

    realsense2Config.cmake
    realsense2-config.cmake

  Add the installation prefix of "realsense2" to CMAKE_PREFIX_PATH or set
  "realsense2_DIR" to a directory containing one of the above files.  If
  "realsense2" provides a separate development package or SDK, be sure it has
  been installed.

[0m
